2026-01-16 13:57:03 [INFO] Log directory: bisect_logs
2026-01-16 13:57:03 [INFO]   Module log: 20260116_135703_bisect.log
2026-01-16 13:57:03 [INFO]   Command log: 20260116_135703_bisect_commands.log
2026-01-16 13:57:03 [INFO] ============================================================
2026-01-16 13:57:03 [INFO] FINAL SUMMARY
2026-01-16 13:57:03 [INFO] ============================================================
2026-01-16 13:57:03 [INFO] ╭───────────────────────────────────────────────────────────────────────────────────────────────────── Bisect Failed ─────────────────────────────────────────────────────────────────────────────────────────────────────╮
2026-01-16 13:57:03 [INFO] │                                                                                                                                                                                                                         │
2026-01-16 13:57:03 [INFO] │  ❌ Bisect Failed                                                                                                                                                                                                       │
2026-01-16 13:57:03 [INFO] │                                                                                                                                                                                                                         │
2026-01-16 13:57:03 [INFO] │  name 'os' is not defined                                                                                                                                                                                               │
2026-01-16 13:57:03 [INFO] │                                                                                                                                                                                                                         │
2026-01-16 13:57:03 [INFO] │  ⏱️  Total time: 0s                                                                                                                                                                                                      │
2026-01-16 13:57:03 [INFO] │                                                                                                                                                                                                                         │
2026-01-16 13:57:03 [INFO] │  📄 Check command log for details:                                                                                                                                                                                      │
2026-01-16 13:57:03 [INFO] │     bisect_logs/20260116_135703_bisect_commands.log                                                                                                                                                                     │
2026-01-16 13:57:03 [INFO] │  📄 Module log: bisect_logs/20260116_135703_bisect.log                                                                                                                                                                  │
2026-01-16 13:57:03 [INFO] │                                                                                                                                                                                                                         │
2026-01-16 13:57:03 [INFO] ╰─────────────────────────────────────────────────────────────────────────────────────────────────────────────────────────────────────────────────────────────────────────────────────────────────────────────────────────╯
2026-01-16 13:57:03 [INFO] ============================================================
